// Vitest Snapshot v1, https://vitest.dev/guide/snapshot.html

exports[`Post API > RedditClient > Post matches JSON snapshot 1`] = `
{
  "approved": false,
  "archived": false,
  "authorId": undefined,
  "authorName": "my-user",
  "body": undefined,
  "bodyHtml": undefined,
  "createdAt": +053979-04-14T00:00:00.000Z,
  "distinguishedBy": undefined,
  "edited": false,
  "flair": {
    "backgroundColor": "#aaa",
    "cssClass": "custom-css-class",
    "richtext": [
      {
        "elementType": "text",
        "emojiRef": undefined,
        "text": "Need advice",
        "url": undefined,
      },
      {
        "elementType": undefined,
        "emojiRef": ":doge:",
        "text": undefined,
        "url": "http://reddit.com",
      },
    ],
    "templateId": undefined,
    "text": undefined,
    "textColor": "#ccc",
    "type": undefined,
  },
  "hidden": false,
  "id": "t3_qwerty",
  "ignoringReports": false,
  "locked": false,
  "modReportReasons": [
    "This is spam",
  ],
  "nsfw": false,
  "numberOfComments": 0,
  "numberOfReports": 0,
  "permalink": "fake-permalink//",
  "quarantined": false,
  "removed": false,
  "removedBy": undefined,
  "removedByCategory": undefined,
  "score": 0,
  "secureMedia": {
    "oembed": {
      "authorName": "Lofi Girl",
      "authorUrl": "https://www.youtube.com/@LofiGirl",
      "height": 200,
      "html": "<iframe width="267" height="200" src="https://www.youtube.com/embed/jfKfPfyJRdk?feature=oembed&enablejsapi=1" title="lofi hip hop radio ðŸ“š - beats to relax/study to"></iframe>",
      "providerName": "YouTube",
      "providerUrl": "https://www.youtube.com/",
      "thumbnailHeight": 360,
      "thumbnailUrl": "https://i.ytimg.com/vi/jfKfPfyJRdk/hqdefault.jpg",
      "thumbnailWidth": 480,
      "title": "lofi hip hop radio ðŸ“š - beats to relax/study to",
      "type": "video",
      "version": "1.0",
      "width": 267,
    },
    "redditVideo": {
      "bitrateKbps": 450,
      "dashUrl": "https://v.redd.it/12345678/DASHPlaylist.mpd",
      "duration": 21,
      "fallbackUrl": "https://v.redd.it/12345678/DASH_270.mp4?source=fallback",
      "height": 480,
      "hlsUrl": "https://v.redd.it/12345678/HLSPlaylist.m3u8",
      "isGif": false,
      "scrubberMediaUrl": "https://v.redd.it/12345678/DASH_96.mp4",
      "transcodingStatus": "completed",
      "width": 270,
    },
    "type": "youtube.com",
  },
  "spam": false,
  "spoiler": false,
  "stickied": false,
  "subredditId": "t5_abcdef",
  "subredditName": "askReddit",
  "thumbnail": undefined,
  "title": "My First Post",
  "url": "fake-url//",
  "userReportReasons": [
    "This is bad post",
  ],
}
`;
