// Vitest Snapshot v1, https://vitest.dev/guide/snapshot.html

exports[`Subreddit API > RedditClient:Subreddit > getCommentsAndPostsByUser() 1`] = `
[
  {
    "approved": false,
    "authorName": "unusual_setup",
    "body": "This is a comment",
    "collapsedBecauseCrowdControl": false,
    "createdAt": +053971-01-26T00:00:00.000Z,
    "distinguishedBy": undefined,
    "edited": false,
    "id": "t1_abc123",
    "ignoringReports": false,
    "locked": false,
    "modReportReasons": [],
    "numReports": 0,
    "parentId": "t3_abc123",
    "permalink": "permalink://",
    "postId": "t3_abc123",
    "removed": false,
    "replies": Listing {
      "_fetch": [Function],
      "children": [],
      "hasMore": true,
      "limit": Infinity,
      "pageSize": 100,
    },
    "score": 0,
    "spam": false,
    "stickied": false,
    "subredditId": "t5_abc123",
    "subredditName": "pics",
    "url": "permalink://",
    "userReportReasons": [],
  },
  {
    "approved": false,
    "archived": false,
    "authorId": undefined,
    "authorName": "unusual_setup",
    "body": undefined,
    "bodyHtml": undefined,
    "createdAt": +053973-10-22T00:00:00.000Z,
    "distinguishedBy": undefined,
    "edited": false,
    "flair": {
      "backgroundColor": undefined,
      "cssClass": undefined,
      "richtext": [],
      "templateId": undefined,
      "text": undefined,
      "textColor": undefined,
      "type": undefined,
    },
    "hidden": false,
    "id": "t3_abc123",
    "ignoringReports": false,
    "locked": false,
    "modReportReasons": [],
    "nsfw": false,
    "numberOfComments": 0,
    "numberOfReports": 0,
    "permalink": "permalink://",
    "quarantined": false,
    "removed": true,
    "removedBy": "spez",
    "removedByCategory": "moderator",
    "score": 0,
    "secureMedia": undefined,
    "spam": false,
    "spoiler": false,
    "stickied": false,
    "subredditId": "t5_abc123",
    "subredditName": "pics",
    "thumbnail": undefined,
    "title": "This is a post",
    "url": "url://",
    "userReportReasons": [],
  },
]
`;

exports[`Subreddit API > RedditClient:Subreddit > getSubredditRemovalReasons() 1`] = `
[
  {
    "id": "uuid-abc",
    "message": "This is spam!",
    "title": "Spam",
  },
]
`;

exports[`Subreddit API > Subreddit api model > getCommentsAndPostsByIds() 1`] = `
[
  {
    "approved": false,
    "authorName": "unusual_setup",
    "body": "This is a comment",
    "collapsedBecauseCrowdControl": false,
    "createdAt": +053971-01-26T00:00:00.000Z,
    "distinguishedBy": undefined,
    "edited": false,
    "id": "t1_abc123",
    "ignoringReports": false,
    "locked": false,
    "modReportReasons": [],
    "numReports": 0,
    "parentId": "t3_abc123",
    "permalink": "permalink://",
    "postId": "t3_abc123",
    "removed": false,
    "replies": Listing {
      "_fetch": [Function],
      "children": [],
      "hasMore": true,
      "limit": Infinity,
      "pageSize": 100,
    },
    "score": 0,
    "spam": false,
    "stickied": false,
    "subredditId": "t5_abc123",
    "subredditName": "pics",
    "url": "permalink://",
    "userReportReasons": [],
  },
  {
    "approved": false,
    "archived": false,
    "authorId": undefined,
    "authorName": "unusual_setup",
    "body": undefined,
    "bodyHtml": undefined,
    "createdAt": +053973-10-22T00:00:00.000Z,
    "distinguishedBy": undefined,
    "edited": false,
    "flair": {
      "backgroundColor": undefined,
      "cssClass": undefined,
      "richtext": [],
      "templateId": undefined,
      "text": undefined,
      "textColor": undefined,
      "type": undefined,
    },
    "hidden": false,
    "id": "t3_abc123",
    "ignoringReports": false,
    "locked": false,
    "modReportReasons": [],
    "nsfw": false,
    "numberOfComments": 0,
    "numberOfReports": 0,
    "permalink": "permalink://",
    "quarantined": false,
    "removed": true,
    "removedBy": "spez",
    "removedByCategory": "moderator",
    "score": 0,
    "secureMedia": undefined,
    "spam": false,
    "spoiler": false,
    "stickied": false,
    "subredditId": "t5_abc123",
    "subredditName": "pics",
    "thumbnail": undefined,
    "title": "This is a post",
    "url": "url://",
    "userReportReasons": [],
  },
]
`;
